// Jest Snapshot v1, https://goo.gl/fbAQLP

exports[`Snapshot of Home Component 1`] = `
<div
  className="home container p-5"
>
  <p
    className="text-center welcome-text"
    data-testid="welcomeText"
  >
    Welcome to Math Magician website
  </p>
</div>
`;
